#-----------------------------------------------------------
# Vivado v2020.1 (64-bit)
# SW Build 2902540 on Wed May 27 19:54:49 MDT 2020
# IP Build 2902112 on Wed May 27 22:43:36 MDT 2020
# Start of session at: Sat Feb  7 20:44:20 2026
# Process ID: 7108
# Current directory: C:/Users/eliof/Desktop/Esercizi ASDI/Esercizio_6.1
# Command line: vivado.exe -gui_launcher_event rodinguilauncherevent18520 C:\Users\eliof\Desktop\Esercizi ASDI\Esercizio_6.1\Esercizio_6.1.xpr
# Log file: C:/Users/eliof/Desktop/Esercizi ASDI/Esercizio_6.1/vivado.log
# Journal file: C:/Users/eliof/Desktop/Esercizi ASDI/Esercizio_6.1\vivado.jou
#-----------------------------------------------------------
start_gui
open_project {C:/Users/eliof/Desktop/Esercizi ASDI/Esercizio_6.1/Esercizio_6.1.xpr}
update_compile_order -fileset sources_1
open_run synth_1 -name synth_1
reset_run synth_1
launch_runs impl_1 -jobs 8
wait_on_run impl_1
close_design
open_run impl_1
reset_run synth_1
launch_runs impl_1 -jobs 8
wait_on_run impl_1
refresh_design
