#-----------------------------------------------------------
# Vivado v2020.1 (64-bit)
# SW Build 2902540 on Wed May 27 19:54:49 MDT 2020
# IP Build 2902112 on Wed May 27 22:43:36 MDT 2020
# Start of session at: Sat Dec  6 17:58:02 2025
# Process ID: 14820
# Current directory: C:/Users/eliof/Desktop/Esercizi ASDI/Esercizio5.2
# Command line: vivado.exe -gui_launcher_event rodinguilauncherevent19160 C:\Users\eliof\Desktop\Esercizi ASDI\Esercizio5.2\Esercizio5.2.xpr
# Log file: C:/Users/eliof/Desktop/Esercizi ASDI/Esercizio5.2/vivado.log
# Journal file: C:/Users/eliof/Desktop/Esercizi ASDI/Esercizio5.2\vivado.jou
#-----------------------------------------------------------
start_gui
open_project {C:/Users/eliof/Desktop/Esercizi ASDI/Esercizio5.2/Esercizio5.2.xpr}
update_compile_order -fileset sources_1
reset_run impl_1 -prev_step 
launch_runs impl_1 -to_step write_bitstream -jobs 8
wait_on_run impl_1
reset_run synth_1
launch_runs impl_1 -to_step write_bitstream -jobs 8
wait_on_run impl_1
synth_design -rtl -name rtl_1
